\BOOKMARK [0][-]{chapter*.1}{\376\377\000D\000\351\000d\000i\000c\000a\000c\000e}{}% 1
\BOOKMARK [0][-]{chapter*.2}{\376\377\000R\000e\000m\000e\000r\000c\000i\000e\000m\000e\000n\000t\000s}{}% 2
\BOOKMARK [0][-]{chapter*.3}{\376\377\000R\000\351\000s\000u\000m\000\351}{}% 3
\BOOKMARK [0][-]{chapter*.3}{\376\377\000T\000a\000b\000l\000e\000\040\000d\000e\000s\000\040\000m\000a\000t\000i\000\350\000r\000e\000s}{}% 4
\BOOKMARK [0][-]{chapter*.5}{\376\377\000T\000a\000b\000l\000e\000\040\000d\000e\000s\000\040\000f\000i\000g\000u\000r\000e\000s}{}% 5
\BOOKMARK [0][-]{chapter*.6}{\376\377\000L\000i\000s\000t\000e\000\040\000d\000e\000s\000\040\000t\000a\000b\000l\000e\000a\000u\000x}{}% 6
\BOOKMARK [0][-]{chapter*.7}{\376\377\000L\000i\000s\000t\000e\000\040\000d\000e\000s\000\040\000a\000b\000r\000\351\000v\000i\000a\000t\000i\000o\000n\000s}{}% 7
\BOOKMARK [0][-]{chapter*.8}{\376\377\000I\000n\000t\000r\000o\000d\000u\000c\000t\000i\000o\000n\000\040\000g\000\351\000n\000\351\000r\000a\000l\000e}{}% 8
\BOOKMARK [0][-]{chapter.1}{\376\377\000C\000o\000n\000t\000e\000x\000t\000e\000\040\000g\000\351\000n\000\351\000r\000a\000l\000\040\000e\000t\000\040\000p\000r\000o\000b\000l\000\351\000m\000a\000t\000i\000q\000u\000e}{}% 9
\BOOKMARK [1][-]{section.1.1}{\376\377\000P\000r\000\351\000s\000e\000n\000t\000a\000t\000i\000o\000n\000\040\000d\000e\000\040\000l\000'\000o\000r\000g\000a\000n\000i\000s\000m\000e\000\040\000d\000'\000a\000c\000c\000u\000e\000i\000l}{chapter.1}% 10
\BOOKMARK [2][-]{subsection.1.1.1}{\376\377\000F\000i\000c\000h\000e\000\040\000s\000i\000g\000n\000a\000l\000\351\000t\000i\000q\000u\000e}{section.1.1}% 11
\BOOKMARK [2][-]{subsection.1.1.2}{\376\377\000P\000r\000\351\000s\000e\000n\000t\000a\000t\000i\000o\000n\000\040\000d\000e\000\040\000l\000'\000e\000n\000t\000r\000e\000p\000r\000i\000s\000e}{section.1.1}% 12
\BOOKMARK [2][-]{subsection.1.1.3}{\376\377\000C\000o\000n\000t\000e\000x\000t\000e\000\040\000d\000u\000\040\000p\000r\000o\000j\000e\000t}{section.1.1}% 13
\BOOKMARK [1][-]{section.1.2}{\376\377\000C\000o\000n\000t\000e\000x\000t\000e\000\040\000g\000\351\000n\000\351\000r\000a\000l}{chapter.1}% 14
\BOOKMARK [2][-]{subsection.1.2.1}{\376\377\000L\000e\000\040\000p\000a\000y\000s\000a\000g\000e\000\040\000\351\000d\000u\000c\000a\000t\000i\000f\000\040\000a\000u\000\040\000M\000a\000r\000o\000c}{section.1.2}% 15
\BOOKMARK [2][-]{subsection.1.2.2}{\376\377\000L\000a\000\040\000d\000i\000g\000i\000t\000a\000l\000i\000s\000a\000t\000i\000o\000n\000\040\000d\000e\000\040\000l\000'\000e\000n\000s\000e\000i\000g\000n\000e\000m\000e\000n\000t\000\040\000s\000u\000p\000\351\000r\000i\000e\000u\000r}{section.1.2}% 16
\BOOKMARK [1][-]{section.1.3}{\376\377\000P\000r\000o\000b\000l\000\351\000m\000a\000t\000i\000q\000u\000e}{chapter.1}% 17
\BOOKMARK [2][-]{subsection.1.3.1}{\376\377\000C\000o\000n\000s\000t\000a\000t}{section.1.3}% 18
\BOOKMARK [2][-]{subsection.1.3.2}{\376\377\000A\000n\000a\000l\000y\000s\000e\000\040\000d\000\351\000t\000a\000i\000l\000l\000\351\000e}{section.1.3}% 19
\BOOKMARK [2][-]{subsection.1.3.3}{\376\377\000I\000m\000p\000a\000c\000t\000\040\000s\000u\000r\000\040\000l\000a\000\040\000r\000\351\000u\000s\000s\000i\000t\000e\000\040\000a\000c\000a\000d\000\351\000m\000i\000q\000u\000e}{section.1.3}% 20
\BOOKMARK [2][-]{subsection.1.3.4}{\376\377\000F\000o\000r\000m\000u\000l\000a\000t\000i\000o\000n\000\040\000d\000e\000\040\000l\000a\000\040\000p\000r\000o\000b\000l\000\351\000m\000a\000t\000i\000q\000u\000e}{section.1.3}% 21
\BOOKMARK [1][-]{section.1.4}{\376\377\000\311\000t\000u\000d\000e\000\040\000d\000e\000\040\000l\000'\000e\000x\000i\000s\000t\000a\000n\000t}{chapter.1}% 22
\BOOKMARK [2][-]{subsection.1.4.1}{\376\377\000S\000o\000l\000u\000t\000i\000o\000n\000s\000\040\000e\000x\000i\000s\000t\000a\000n\000t\000e\000s\000\040\000s\000u\000r\000\040\000l\000e\000\040\000m\000a\000r\000c\000h\000\351}{section.1.4}% 23
\BOOKMARK [2][-]{subsection.1.4.2}{\376\377\000A\000n\000a\000l\000y\000s\000e\000\040\000c\000r\000i\000t\000i\000q\000u\000e}{section.1.4}% 24
\BOOKMARK [1][-]{section.1.5}{\376\377\000S\000o\000l\000u\000t\000i\000o\000n\000\040\000p\000r\000o\000p\000o\000s\000\351\000e\000\040\000:\000\040\000E\000d\000u\000A\000I}{chapter.1}% 25
\BOOKMARK [2][-]{subsection.1.5.1}{\376\377\000V\000i\000s\000i\000o\000n\000\040\000g\000l\000o\000b\000a\000l\000e}{section.1.5}% 26
\BOOKMARK [2][-]{subsection.1.5.2}{\376\377\000P\000o\000s\000i\000t\000i\000o\000n\000n\000e\000m\000e\000n\000t\000\040\000e\000t\000\040\000d\000i\000f\000f\000\351\000r\000e\000n\000c\000i\000a\000t\000i\000o\000n}{section.1.5}% 27
\BOOKMARK [2][-]{subsection.1.5.3}{\376\377\000O\000b\000j\000e\000c\000t\000i\000f\000s\000\040\000d\000u\000\040\000p\000r\000o\000j\000e\000t}{section.1.5}% 28
\BOOKMARK [1][-]{section.1.6}{\376\377\000M\000\351\000t\000h\000o\000d\000o\000l\000o\000g\000i\000e\000\040\000d\000e\000\040\000t\000r\000a\000v\000a\000i\000l}{chapter.1}% 29
\BOOKMARK [0][-]{chapter.2}{\376\377\000A\000n\000a\000l\000y\000s\000e\000\040\000e\000t\000\040\000s\000p\000\351\000c\000i\000f\000i\000c\000a\000t\000i\000o\000n\000\040\000d\000e\000s\000\040\000b\000e\000s\000o\000i\000n\000s}{}% 30
\BOOKMARK [1][-]{section.2.1}{\376\377\000I\000n\000t\000r\000o\000d\000u\000c\000t\000i\000o\000n}{chapter.2}% 31
\BOOKMARK [1][-]{section.2.2}{\376\377\000I\000d\000e\000n\000t\000i\000f\000i\000c\000a\000t\000i\000o\000n\000\040\000d\000e\000s\000\040\000a\000c\000t\000e\000u\000r\000s}{chapter.2}% 32
\BOOKMARK [1][-]{section.2.3}{\376\377\000B\000e\000s\000o\000i\000n\000s\000\040\000f\000o\000n\000c\000t\000i\000o\000n\000n\000e\000l\000s}{chapter.2}% 33
\BOOKMARK [2][-]{subsection.2.3.1}{\376\377\000M\000o\000d\000u\000l\000e\000\040\000A\000u\000t\000h\000e\000n\000t\000i\000f\000i\000c\000a\000t\000i\000o\000n\000\040\000\050\000P\0001\000\051}{section.2.3}% 34
\BOOKMARK [2][-]{subsection.2.3.2}{\376\377\000M\000o\000d\000u\000l\000e\000\040\000G\000e\000s\000t\000i\000o\000n\000\040\000d\000e\000s\000\040\000C\000o\000u\000r\000s\000\040\000\050\000P\0002\000\051}{section.2.3}% 35
\BOOKMARK [2][-]{subsection.2.3.3}{\376\377\000M\000o\000d\000u\000l\000e\000\040\000Q\000u\000e\000s\000t\000i\000o\000n\000s\000-\000R\000\351\000p\000o\000n\000s\000e\000s\000\040\000\050\000P\0003\000\051}{section.2.3}% 36
\BOOKMARK [2][-]{subsection.2.3.4}{\376\377\000M\000o\000d\000u\000l\000e\000\040\000R\000\351\000s\000u\000m\000\351\000s\000\040\000P\000\351\000d\000a\000g\000o\000g\000i\000q\000u\000e\000s\000\040\000\050\000P\0004\000\051}{section.2.3}% 37
\BOOKMARK [2][-]{subsection.2.3.5}{\376\377\000M\000o\000d\000u\000l\000e\000\040\000Q\000u\000i\000z\000\040\000I\000n\000t\000e\000r\000a\000c\000t\000i\000f\000\040\000\050\000P\0005\000\051}{section.2.3}% 38
\BOOKMARK [2][-]{subsection.2.3.6}{\376\377\000M\000o\000d\000u\000l\000e\000\040\000F\000l\000a\000s\000h\000c\000a\000r\000d\000s\000\040\000\050\000P\0006\000\051}{section.2.3}% 39
\BOOKMARK [2][-]{subsection.2.3.7}{\376\377\000M\000o\000d\000u\000l\000e\000\040\000C\000a\000r\000t\000e\000\040\000M\000e\000n\000t\000a\000l\000e\000\040\000\050\000P\0007\000\051}{section.2.3}% 40
\BOOKMARK [2][-]{subsection.2.3.8}{\376\377\000M\000o\000d\000u\000l\000e\000\040\000E\000x\000a\000m\000e\000n\000\040\000S\000i\000m\000u\000l\000\351\000\040\000\050\000P\0008\000\051}{section.2.3}% 41
\BOOKMARK [2][-]{subsection.2.3.9}{\376\377\000M\000o\000d\000u\000l\000e\000\040\000A\000d\000m\000i\000n\000i\000s\000t\000r\000a\000t\000i\000o\000n\000\040\000\050\000P\0009\000\051}{section.2.3}% 42
\BOOKMARK [1][-]{section.2.4}{\376\377\000B\000e\000s\000o\000i\000n\000s\000\040\000n\000o\000n\000-\000f\000o\000n\000c\000t\000i\000o\000n\000n\000e\000l\000s}{chapter.2}% 43
\BOOKMARK [1][-]{section.2.5}{\376\377\000D\000i\000a\000g\000r\000a\000m\000m\000e\000s\000\040\000d\000e\000\040\000c\000a\000s\000\040\000d\000'\000u\000t\000i\000l\000i\000s\000a\000t\000i\000o\000n}{chapter.2}% 44
\BOOKMARK [1][-]{section.2.6}{\376\377\000R\000\350\000g\000l\000e\000s\000\040\000d\000e\000\040\000g\000e\000s\000t\000i\000o\000n}{chapter.2}% 45
\BOOKMARK [0][-]{chapter.3}{\376\377\000C\000o\000n\000c\000e\000p\000t\000i\000o\000n}{}% 46
\BOOKMARK [1][-]{section.3.1}{\376\377\000I\000n\000t\000r\000o\000d\000u\000c\000t\000i\000o\000n}{chapter.3}% 47
\BOOKMARK [1][-]{section.3.2}{\376\377\000A\000r\000c\000h\000i\000t\000e\000c\000t\000u\000r\000e\000\040\000g\000l\000o\000b\000a\000l\000e\000\040\000d\000u\000\040\000s\000y\000s\000t\000\350\000m\000e}{chapter.3}% 48
\BOOKMARK [2][-]{subsection.3.2.1}{\376\377\000V\000u\000e\000\040\000d\000'\000e\000n\000s\000e\000m\000b\000l\000e}{section.3.2}% 49
\BOOKMARK [2][-]{subsection.3.2.2}{\376\377\000A\000r\000c\000h\000i\000t\000e\000c\000t\000u\000r\000e\000\040\000d\000\351\000t\000a\000i\000l\000l\000\351\000e}{section.3.2}% 50
\BOOKMARK [1][-]{section.3.3}{\376\377\000C\000o\000n\000c\000e\000p\000t\000i\000o\000n\000\040\000d\000u\000\040\000p\000i\000p\000e\000l\000i\000n\000e\000\040\000N\000L\000P\000\040\000/\000\040\000I\000n\000t\000e\000l\000l\000i\000g\000e\000n\000c\000e\000\040\000A\000r\000t\000i\000f\000i\000c\000i\000e\000l\000l\000e}{chapter.3}% 51
\BOOKMARK [2][-]{subsection.3.3.1}{\376\377\000P\000i\000p\000e\000l\000i\000n\000e\000\040\000d\000e\000\040\000t\000r\000a\000i\000t\000e\000m\000e\000n\000t\000\040\000d\000u\000\040\000c\000o\000u\000r\000s\000\040\000\050\000U\000p\000l\000o\000a\000d\000\051}{section.3.3}% 52
\BOOKMARK [2][-]{subsection.3.3.2}{\376\377\000P\000i\000p\000e\000l\000i\000n\000e\000\040\000R\000A\000G\000\040\000\050\000R\000e\000t\000r\000i\000e\000v\000a\000l\000-\000A\000u\000g\000m\000e\000n\000t\000e\000d\000\040\000G\000e\000n\000e\000r\000a\000t\000i\000o\000n\000\051}{section.3.3}% 53
\BOOKMARK [2][-]{subsection.3.3.3}{\376\377\000P\000i\000p\000e\000l\000i\000n\000e\000\040\000d\000e\000\040\000g\000\351\000n\000\351\000r\000a\000t\000i\000o\000n\000\040\000d\000e\000\040\000r\000\351\000s\000u\000m\000\351\000s}{section.3.3}% 54
\BOOKMARK [2][-]{subsection.3.3.4}{\376\377\000A\000l\000g\000o\000r\000i\000t\000h\000m\000e\000\040\000S\000M\000-\0002\000\040\000\050\000F\000l\000a\000s\000h\000c\000a\000r\000d\000s\000\051}{section.3.3}% 55
\BOOKMARK [1][-]{section.3.4}{\376\377\000M\000o\000d\000\350\000l\000e\000\040\000L\000o\000g\000i\000q\000u\000e\000\040\000d\000e\000\040\000D\000o\000n\000n\000\351\000e\000s\000\040\000\050\000M\000L\000D\000\051}{chapter.3}% 56
\BOOKMARK [2][-]{subsection.3.4.1}{\376\377\000G\000r\000o\000u\000p\000e\000\040\0001\000\040\040\024\000\040\000A\000u\000t\000h\000e\000n\000t\000i\000f\000i\000c\000a\000t\000i\000o\000n\000\040\000e\000t\000\040\000g\000e\000s\000t\000i\000o\000n\000\040\000d\000e\000s\000\040\000c\000o\000u\000r\000s}{section.3.4}% 57
\BOOKMARK [2][-]{subsection.3.4.2}{\376\377\000G\000r\000o\000u\000p\000e\000\040\0002\000\040\040\024\000\040\000R\000\351\000s\000u\000m\000\351\000s\000,\000\040\000Q\000\046\000A\000,\000\040\000Q\000u\000i\000z\000\040\000e\000t\000\040\000F\000l\000a\000s\000h\000c\000a\000r\000d\000s}{section.3.4}% 58
\BOOKMARK [2][-]{subsection.3.4.3}{\376\377\000G\000r\000o\000u\000p\000e\000\040\0003\000\040\040\024\000\040\000C\000a\000r\000t\000e\000\040\000m\000e\000n\000t\000a\000l\000e\000,\000\040\000e\000x\000a\000m\000e\000n\000s\000\040\000e\000t\000\040\000a\000c\000t\000i\000v\000i\000t\000\351}{section.3.4}% 59
\BOOKMARK [1][-]{section.3.5}{\376\377\000C\000o\000n\000c\000e\000p\000t\000i\000o\000n\000\040\000d\000e\000\040\000l\000'\000A\000P\000I\000\040\000R\000E\000S\000T}{chapter.3}% 60
\BOOKMARK [2][-]{subsection.3.5.1}{\376\377\000O\000r\000g\000a\000n\000i\000s\000a\000t\000i\000o\000n\000\040\000d\000e\000s\000\040\000e\000n\000d\000p\000o\000i\000n\000t\000s}{section.3.5}% 61
\BOOKMARK [2][-]{subsection.3.5.2}{\376\377\000S\000\351\000c\000u\000r\000i\000s\000a\000t\000i\000o\000n\000\040\000d\000e\000\040\000l\000'\000A\000P\000I}{section.3.5}% 62
\BOOKMARK [0][-]{chapter.4}{\376\377\000R\000\351\000a\000l\000i\000s\000a\000t\000i\000o\000n}{}% 63
\BOOKMARK [1][-]{section.4.1}{\376\377\000I\000n\000t\000r\000o\000d\000u\000c\000t\000i\000o\000n}{chapter.4}% 64
\BOOKMARK [1][-]{section.4.2}{\376\377\000E\000n\000v\000i\000r\000o\000n\000n\000e\000m\000e\000n\000t\000\040\000d\000e\000\040\000d\000\351\000v\000e\000l\000o\000p\000p\000e\000m\000e\000n\000t}{chapter.4}% 65
\BOOKMARK [1][-]{section.4.3}{\376\377\000T\000e\000c\000h\000n\000o\000l\000o\000g\000i\000e\000s\000\040\000e\000t\000\040\000f\000r\000a\000m\000e\000w\000o\000r\000k\000s}{chapter.4}% 66
\BOOKMARK [2][-]{subsection.4.3.1}{\376\377\000B\000a\000c\000k\000e\000n\000d\000\040\040\024\000\040\000F\000a\000s\000t\000A\000P\000I\000\040\000\050\000P\000y\000t\000h\000o\000n\000\051}{section.4.3}% 67
\BOOKMARK [2][-]{subsection.4.3.2}{\376\377\000F\000r\000o\000n\000t\000e\000n\000d\000\040\040\024\000\040\000N\000e\000x\000t\000.\000j\000s\000\040\000\050\000R\000e\000a\000c\000t\000\040\000/\000\040\000T\000y\000p\000e\000S\000c\000r\000i\000p\000t\000\051}{section.4.3}% 68
\BOOKMARK [2][-]{subsection.4.3.3}{\376\377\000S\000e\000r\000v\000i\000c\000e\000s\000\040\000d\000'\000i\000n\000t\000e\000l\000l\000i\000g\000e\000n\000c\000e\000\040\000a\000r\000t\000i\000f\000i\000c\000i\000e\000l\000l\000e}{section.4.3}% 69
\BOOKMARK [1][-]{section.4.4}{\376\377\000I\000n\000t\000e\000r\000f\000a\000c\000e\000s\000\040\000u\000t\000i\000l\000i\000s\000a\000t\000e\000u\000r}{chapter.4}% 70
\BOOKMARK [1][-]{section.4.5}{\376\377\000T\000e\000s\000t\000s\000\040\000e\000t\000\040\000v\000a\000l\000i\000d\000a\000t\000i\000o\000n}{chapter.4}% 71
\BOOKMARK [2][-]{subsection.4.5.1}{\376\377\000S\000t\000r\000a\000t\000\351\000g\000i\000e\000\040\000d\000e\000\040\000t\000e\000s\000t}{section.4.5}% 72
\BOOKMARK [2][-]{subsection.4.5.2}{\376\377\000R\000\351\000s\000u\000l\000t\000a\000t\000s\000\040\000d\000e\000s\000\040\000t\000e\000s\000t\000s}{section.4.5}% 73
\BOOKMARK [0][-]{chapter.5}{\376\377\000D\000\351\000p\000l\000o\000i\000e\000m\000e\000n\000t\000,\000\040\000m\000o\000d\000\350\000l\000e\000\040\000\351\000c\000o\000n\000o\000m\000i\000q\000u\000e\000\040\000e\000t\000\040\000p\000e\000r\000s\000p\000e\000c\000t\000i\000v\000e\000s}{}% 74
\BOOKMARK [1][-]{section.5.1}{\376\377\000I\000n\000t\000r\000o\000d\000u\000c\000t\000i\000o\000n}{chapter.5}% 75
\BOOKMARK [1][-]{section.5.2}{\376\377\000D\000\351\000p\000l\000o\000i\000e\000m\000e\000n\000t}{chapter.5}% 76
\BOOKMARK [2][-]{subsection.5.2.1}{\376\377\000A\000r\000c\000h\000i\000t\000e\000c\000t\000u\000r\000e\000\040\000d\000e\000\040\000d\000\351\000p\000l\000o\000i\000e\000m\000e\000n\000t}{section.5.2}% 77
\BOOKMARK [2][-]{subsection.5.2.2}{\376\377\000F\000i\000c\000h\000i\000e\000r\000\040\000D\000o\000c\000k\000e\000r\000\040\000C\000o\000m\000p\000o\000s\000e}{section.5.2}% 78
\BOOKMARK [2][-]{subsection.5.2.3}{\376\377\000D\000o\000c\000k\000e\000r\000f\000i\000l\000e\000\040\000B\000a\000c\000k\000e\000n\000d}{section.5.2}% 79
\BOOKMARK [2][-]{subsection.5.2.4}{\376\377\000P\000r\000o\000c\000\351\000d\000u\000r\000e\000\040\000d\000e\000\040\000d\000\351\000p\000l\000o\000i\000e\000m\000e\000n\000t}{section.5.2}% 80
\BOOKMARK [2][-]{subsection.5.2.5}{\376\377\000M\000o\000n\000i\000t\000o\000r\000i\000n\000g\000\040\000e\000t\000\040\000m\000a\000i\000n\000t\000e\000n\000a\000n\000c\000e}{section.5.2}% 81
\BOOKMARK [1][-]{section.5.3}{\376\377\000M\000o\000d\000\350\000l\000e\000\040\000\351\000c\000o\000n\000o\000m\000i\000q\000u\000e}{chapter.5}% 82
\BOOKMARK [2][-]{subsection.5.3.1}{\376\377\000M\000o\000d\000\350\000l\000e\000\040\000S\000a\000a\000S\000\040\040\024\000\040\000F\000r\000e\000e\000m\000i\000u\000m}{section.5.3}% 83
\BOOKMARK [2][-]{subsection.5.3.2}{\376\377\000C\000i\000b\000l\000e\000\040\000e\000t\000\040\000t\000a\000i\000l\000l\000e\000\040\000d\000u\000\040\000m\000a\000r\000c\000h\000\351}{section.5.3}% 84
\BOOKMARK [2][-]{subsection.5.3.3}{\376\377\000P\000r\000o\000j\000e\000c\000t\000i\000o\000n\000s\000\040\000f\000i\000n\000a\000n\000c\000i\000\350\000r\000e\000s\000\040\000\050\0003\000\040\000a\000n\000s\000\051}{section.5.3}% 85
\BOOKMARK [2][-]{subsection.5.3.4}{\376\377\000S\000t\000r\000u\000c\000t\000u\000r\000e\000\040\000d\000e\000s\000\040\000c\000o\000\373\000t\000s}{section.5.3}% 86
\BOOKMARK [2][-]{subsection.5.3.5}{\376\377\000C\000o\000n\000t\000e\000x\000t\000e\000\040\000f\000a\000v\000o\000r\000a\000b\000l\000e\000\040\040\024\000\040\000M\000a\000r\000o\000c\000\040\000D\000i\000g\000i\000t\000a\000l\000\040\0002\0000\0003\0000}{section.5.3}% 87
\BOOKMARK [1][-]{section.5.4}{\376\377\000P\000e\000r\000s\000p\000e\000c\000t\000i\000v\000e\000s\000\040\000d\000'\000\351\000v\000o\000l\000u\000t\000i\000o\000n}{chapter.5}% 88
\BOOKMARK [2][-]{subsection.5.4.1}{\376\377\000C\000o\000u\000r\000t\000\040\000t\000e\000r\000m\000e\000\040\000\050\0006\000\040\000m\000o\000i\000s\000\051}{section.5.4}% 89
\BOOKMARK [2][-]{subsection.5.4.2}{\376\377\000M\000o\000y\000e\000n\000\040\000t\000e\000r\000m\000e\000\040\000\050\0001\000\040\000a\000n\000\051}{section.5.4}% 90
\BOOKMARK [2][-]{subsection.5.4.3}{\376\377\000L\000o\000n\000g\000\040\000t\000e\000r\000m\000e\000\040\000\050\0002\040\023\0003\000\040\000a\000n\000s\000\051}{section.5.4}% 91
\BOOKMARK [0][-]{chapter*.37}{\376\377\000C\000o\000n\000c\000l\000u\000s\000i\000o\000n\000\040\000g\000\351\000n\000\351\000r\000a\000l\000e}{}% 92
\BOOKMARK [0][-]{chapter*.43}{\376\377\000B\000i\000b\000l\000i\000o\000g\000r\000a\000p\000h\000i\000e}{}% 93
\BOOKMARK [0][-]{appendix*.44}{\376\377\000A\000n\000n\000e\000x\000e\000s}{}% 94
\BOOKMARK [0][-]{appendix.A}{\376\377\000D\000i\000a\000g\000r\000a\000m\000m\000e\000s\000\040\000d\000e\000\040\000c\000a\000s\000\040\000d\000'\000u\000t\000i\000l\000i\000s\000a\000t\000i\000o\000n}{}% 95
\BOOKMARK [0][-]{appendix.B}{\376\377\000D\000i\000a\000g\000r\000a\000m\000m\000e\000s\000\040\000d\000e\000\040\000s\000\351\000q\000u\000e\000n\000c\000e}{}% 96
\BOOKMARK [0][-]{appendix.C}{\376\377\000M\000o\000d\000\350\000l\000e\000\040\000L\000o\000g\000i\000q\000u\000e\000\040\000d\000e\000\040\000D\000o\000n\000n\000\351\000e\000s}{}% 97
\BOOKMARK [0][-]{appendix.D}{\376\377\000I\000n\000t\000e\000r\000f\000a\000c\000e\000s\000\040\000u\000t\000i\000l\000i\000s\000a\000t\000e\000u\000r}{}% 98
